//SecurityIDSource=102 MsgType=111 MsgLen=352 SecurityID=123153           ChannelNo=1000 ApplSeqNum=0             TradingPhase=0 NumTrades=0              TotalVolumeTrade=0       TotalValueTrade=0        PrevClosePx=1168000 LastPx=0     OpenPx=0     HighPx=0     LowPx=0      BidWeightPx=0 BidWeightSize=0          AskWeightPx=0 AskWeightSize=0          UpLimitPx=14016000 DnLimitPx=9344000 BidLevel[0].Price=0 BidLevel[0].Qty=0        BidLevel[1].Price=0 BidLevel[1].Qty=0        BidLevel[2].Price=0 BidLevel[2].Qty=0        BidLevel[3].Price=0 BidLevel[3].Qty=0        BidLevel[4].Price=0 BidLevel[4].Qty=0        BidLevel[5].Price=0 BidLevel[5].Qty=0        BidLevel[6].Price=0 BidLevel[6].Qty=0        BidLevel[7].Price=0 BidLevel[7].Qty=0        BidLevel[8].Price=0 BidLevel[8].Qty=0        BidLevel[9].Price=0 BidLevel[9].Qty=0        AskLevel[0].Price=0 AskLevel[0].Qty=0        AskLevel[1].Price=0 AskLevel[1].Qty=0        AskLevel[2].Price=0 AskLevel[2].Qty=0        AskLevel[3].Price=0 AskLevel[3].Qty=0        AskLevel[4].Price=0 AskLevel[4].Qty=0        AskLevel[5].Price=0 AskLevel[5].Qty=0        AskLevel[6].Price=0 AskLevel[6].Qty=0        AskLevel[7].Price=0 AskLevel[7].Qty=0        AskLevel[8].Price=0 AskLevel[8].Qty=0        AskLevel[9].Price=0 AskLevel[9].Qty=0        TransactTime=20230315090000000 resv=        


//SecurityIDSource=102 MsgType=111 MsgLen=352 SecurityID=123153           ChannelNo=1000 ApplSeqNum=0             TradingPhase=5 NumTrades=0              TotalVolumeTrade=0       TotalValueTrade=0        PrevClosePx=1168000 LastPx=0     OpenPx=0     HighPx=0     LowPx=0      BidWeightPx=0 BidWeightSize=0          AskWeightPx=0 AskWeightSize=0          UpLimitPx=14016000 DnLimitPx=9344000 BidLevel[0].Price=0 BidLevel[0].Qty=0        BidLevel[1].Price=0 BidLevel[1].Qty=0        BidLevel[2].Price=0 BidLevel[2].Qty=0        BidLevel[3].Price=0 BidLevel[3].Qty=0        BidLevel[4].Price=0 BidLevel[4].Qty=0        BidLevel[5].Price=0 BidLevel[5].Qty=0        BidLevel[6].Price=0 BidLevel[6].Qty=0        BidLevel[7].Price=0 BidLevel[7].Qty=0        BidLevel[8].Price=0 BidLevel[8].Qty=0        BidLevel[9].Price=0 BidLevel[9].Qty=0        AskLevel[0].Price=0 AskLevel[0].Qty=0        AskLevel[1].Price=0 AskLevel[1].Qty=0        AskLevel[2].Price=0 AskLevel[2].Qty=0        AskLevel[3].Price=0 AskLevel[3].Qty=0        AskLevel[4].Price=0 AskLevel[4].Qty=0        AskLevel[5].Price=0 AskLevel[5].Qty=0        AskLevel[6].Price=0 AskLevel[6].Qty=0        AskLevel[7].Price=0 AskLevel[7].Qty=0        AskLevel[8].Price=0 AskLevel[8].Qty=0        AskLevel[9].Price=0 AskLevel[9].Qty=0        TransactTime=20220315153857000 resv=        
